[?2026h[?25l[1Ggathering model components ⠙ [K[?25h[?2026l[?2026h[?25l[1Ggathering model components ⠹ [K[?25h[?2026l[?2026h[?25l[1Ggathering model components ⠸ [K[?25h[?2026l[?2026h[?25l[1Ggathering model components ⠼ [K[?25h[?2026l[?2026h[?25l[1Ggathering model components ⠴ [K[?25h[?2026l[?2026h[?25l[1Ggathering model components ⠦ [K[?25h[?2026l[?2026h[?25l[1Ggathering model components ⠦ [K[?25h[?2026l[?2026h[?25l[1Ggathering model components ⠧ [K[?25h[?2026l[?2026h[?25l[1Ggathering model components ⠏ [K[?25h[?2026l[?2026h[?25l[1Ggathering model components ⠏ [K[?25h[?2026l[?2026h[?25l[1Ggathering model components ⠙ [K[?25h[?2026l[?2026h[?25l[1Ggathering model components ⠹ [K[?25h[?2026l[?2026h[?25l[1Ggathering model components ⠸ [K[?25h[?2026l[?2026h[?25l[1Ggathering model components ⠸ [K[?25h[?2026l[?2026h[?25l[1Ggathering model components ⠴ [K[?25h[?2026l[?2026h[?25l[1Ggathering model components ⠦ [K[?25h[?2026l[?2026h[?25l[1Ggathering model components ⠦ [K[?25h[?2026l[?2026h[?25l[1Ggathering model components ⠧ [K[?25h[?2026l[?2026h[?25l[1Ggathering model components ⠏ [K[?25h[?2026l[?2026h[?25l[1Ggathering model components ⠋ [K[?25h[?2026l[?2026h[?25l[1Ggathering model components ⠙ [K[?25h[?2026l[?2026h[?25l[1Ggathering model components ⠹ [K[?25h[?2026l[?2026h[?25l[1Ggathering model components ⠸ [K[?25h[?2026l[?2026h[?25l[1Ggathering model components ⠼ [K[?25h[?2026l[?2026h[?25l[1Ggathering model components ⠴ [K[?25h[?2026l[?2026h[?25l[1Ggathering model components ⠦ [K[?25h[?2026l[?2026h[?25l[1Ggathering model components ⠧ [K[?25h[?2026l[?2026h[?25l[1Ggathering model components ⠇ [K[?25h[?2026l[?2026h[?25l[1Ggathering model components ⠇ [K[?25h[?2026l[?2026h[?25l[1Ggathering model components ⠋ [K[?25h[?2026l[?2026h[?25l[1Ggathering model components ⠙ [K[?25h[?2026l[?2026h[?25l[1Ggathering model components ⠙ [K[?25h[?2026l[?2026h[?25l[1Ggathering model components ⠸ [K[?25h[?2026l[?2026h[?25l[1Ggathering model components ⠼ [K[?25h[?2026l[?2026h[?25l[1Ggathering model components ⠴ [K[?25h[?2026l[?2026h[?25l[1Ggathering model components ⠦ [K[?25h[?2026l[?2026h[?25l[1Ggathering model components ⠧ [K[?25h[?2026l[?2026h[?25l[1Ggathering model components ⠇ [K[?25h[?2026l[?2026h[?25l[1Ggathering model components ⠇ [K[?25h[?2026l[?2026h[?25l[1Ggathering model components ⠏ [K[?25h[?2026l[?2026h[?25l[1Ggathering model components ⠙ [K[?25h[?2026l[?2026h[?25l[1Ggathering model components ⠹ [K[?25h[?2026l[?2026h[?25l[1Ggathering model components ⠸ [K[?25h[?2026l[?2026h[?25l[1Ggathering model components ⠼ [K[?25h[?2026l[?2026h[?25l[1Ggathering model components ⠼ [K[?25h[?2026l[?2026h[?25l[1Ggathering model components ⠦ [K[?25h[?2026l[?2026h[?25l[1Ggathering model components ⠦ [K[?25h[?2026l[?2026h[?25l[1Ggathering model components ⠇ [K[?25h[?2026l[?2026h[?25l[1Ggathering model components ⠇ [K[?25h[?2026l[?2026h[?25l[1Ggathering model components ⠋ [K[?25h[?2026l[?2026h[?25l[1Ggathering model components ⠙ [K[?25h[?2026l[?2026h[?25l[1Ggathering model components ⠹ [K[?25h[?2026l[?2026h[?25l[1Ggathering model components ⠹ [K[?25h[?2026l[?2026h[?25l[1Ggathering model components ⠼ [K[?25h[?2026l[?2026h[?25l[1Ggathering model components ⠼ [K[?25h[?2026l[?2026h[?25l[1Ggathering model components ⠦ [K[?25h[?2026l[?2026h[?25l[1Ggathering model components ⠧ [K[?25h[?2026l[?2026h[?25l[1Ggathering model components ⠇ [K[?25h[?2026l[?2026h[?25l[1Ggathering model components ⠇ [K[?25h[?2026l[?2026h[?25l[1Ggathering model components ⠏ [K[?25h[?2026l[?2026h[?25l[1Ggathering model components ⠙ [K[?25h[?2026l[?2026h[?25l[1Ggathering model components ⠙ [K[?25h[?2026l[?2026h[?25l[1Ggathering model components ⠸ [K[?25h[?2026l[?2026h[?25l[1Ggathering model components [K
copying file sha256:53107f530aa52eb00912263ab1ee29bd199261c87cd7b4ad4ca1318c1fe33ee3 0% ⠋ [K[?25h[?2026l[?2026h[?25l[A[1Ggathering model components [K
copying file sha256:53107f530aa52eb00912263ab1ee29bd199261c87cd7b4ad4ca1318c1fe33ee3 0% ⠙ [K[?25h[?2026l[?2026h[?25l[A[1Ggathering model components [K
copying file sha256:53107f530aa52eb00912263ab1ee29bd199261c87cd7b4ad4ca1318c1fe33ee3 1% ⠹ [K[?25h[?2026l[?2026h[?25l[A[1Ggathering model components [K
copying file sha256:53107f530aa52eb00912263ab1ee29bd199261c87cd7b4ad4ca1318c1fe33ee3 2% ⠸ [K[?25h[?2026l[?2026h[?25l[A[1Ggathering model components [K
copying file sha256:53107f530aa52eb00912263ab1ee29bd199261c87cd7b4ad4ca1318c1fe33ee3 3% ⠼ [K[?25h[?2026l[?2026h[?25l[A[1Ggathering model components [K
copying file sha256:53107f530aa52eb00912263ab1ee29bd199261c87cd7b4ad4ca1318c1fe33ee3 4% ⠴ [K[?25h[?2026l[?2026h[?25l[A[1Ggathering model components [K
copying file sha256:53107f530aa52eb00912263ab1ee29bd199261c87cd7b4ad4ca1318c1fe33ee3 5% ⠦ [K[?25h[?2026l[?2026h[?25l[A[1Ggathering model components [K
copying file sha256:53107f530aa52eb00912263ab1ee29bd199261c87cd7b4ad4ca1318c1fe33ee3 5% ⠧ [K[?25h[?2026l[?2026h[?25l[A[1Ggathering model components [K
copying file sha256:53107f530aa52eb00912263ab1ee29bd199261c87cd7b4ad4ca1318c1fe33ee3 6% ⠇ [K[?25h[?2026l[?2026h[?25l[A[1Ggathering model components [K
copying file sha256:53107f530aa52eb00912263ab1ee29bd199261c87cd7b4ad4ca1318c1fe33ee3 7% ⠏ [K[?25h[?2026l[?2026h[?25l[A[1Ggathering model components [K
copying file sha256:53107f530aa52eb00912263ab1ee29bd199261c87cd7b4ad4ca1318c1fe33ee3 8% ⠋ [K[?25h[?2026l[?2026h[?25l[A[1Ggathering model components [K
copying file sha256:53107f530aa52eb00912263ab1ee29bd199261c87cd7b4ad4ca1318c1fe33ee3 9% ⠙ [K[?25h[?2026l[?2026h[?25l[A[1Ggathering model components [K
copying file sha256:53107f530aa52eb00912263ab1ee29bd199261c87cd7b4ad4ca1318c1fe33ee3 10% ⠹ [K[?25h[?2026l[?2026h[?25l[A[1Ggathering model components [K
copying file sha256:53107f530aa52eb00912263ab1ee29bd199261c87cd7b4ad4ca1318c1fe33ee3 10% ⠸ [K[?25h[?2026l[?2026h[?25l[A[1Ggathering model components [K
copying file sha256:53107f530aa52eb00912263ab1ee29bd199261c87cd7b4ad4ca1318c1fe33ee3 11% ⠼ [K[?25h[?2026l[?2026h[?25l[A[1Ggathering model components [K
copying file sha256:53107f530aa52eb00912263ab1ee29bd199261c87cd7b4ad4ca1318c1fe33ee3 12% ⠴ [K[?25h[?2026l[?2026h[?25l[A[1Ggathering model components [K
copying file sha256:53107f530aa52eb00912263ab1ee29bd199261c87cd7b4ad4ca1318c1fe33ee3 13% ⠦ [K[?25h[?2026l[?2026h[?25l[A[1Ggathering model components [K
copying file sha256:53107f530aa52eb00912263ab1ee29bd199261c87cd7b4ad4ca1318c1fe33ee3 14% ⠧ [K[?25h[?2026l[?2026h[?25l[A[1Ggathering model components [K
copying file sha256:53107f530aa52eb00912263ab1ee29bd199261c87cd7b4ad4ca1318c1fe33ee3 15% ⠇ [K[?25h[?2026l[?2026h[?25l[A[1Ggathering model components [K
copying file sha256:53107f530aa52eb00912263ab1ee29bd199261c87cd7b4ad4ca1318c1fe33ee3 15% ⠏ [K[?25h[?2026l[?2026h[?25l[A[1Ggathering model components [K
copying file sha256:53107f530aa52eb00912263ab1ee29bd199261c87cd7b4ad4ca1318c1fe33ee3 16% ⠋ [K[?25h[?2026l[?2026h[?25l[A[1Ggathering model components [K
copying file sha256:53107f530aa52eb00912263ab1ee29bd199261c87cd7b4ad4ca1318c1fe33ee3 17% ⠙ [K[?25h[?2026l[?2026h[?25l[A[1Ggathering model components [K
copying file sha256:53107f530aa52eb00912263ab1ee29bd199261c87cd7b4ad4ca1318c1fe33ee3 17% ⠹ [K[?25h[?2026l[?2026h[?25l[A[1Ggathering model components [K
copying file sha256:53107f530aa52eb00912263ab1ee29bd199261c87cd7b4ad4ca1318c1fe33ee3 18% ⠸ [K[?25h[?2026l[?2026h[?25l[A[1Ggathering model components [K
copying file sha256:53107f530aa52eb00912263ab1ee29bd199261c87cd7b4ad4ca1318c1fe33ee3 19% ⠼ [K[?25h[?2026l[?2026h[?25l[A[1Ggathering model components [K
copying file sha256:53107f530aa52eb00912263ab1ee29bd199261c87cd7b4ad4ca1318c1fe33ee3 20% ⠴ [K[?25h[?2026l[?2026h[?25l[A[1Ggathering model components [K
copying file sha256:53107f530aa52eb00912263ab1ee29bd199261c87cd7b4ad4ca1318c1fe33ee3 21% ⠦ [K[?25h[?2026l[?2026h[?25l[A[1Ggathering model components [K
copying file sha256:53107f530aa52eb00912263ab1ee29bd199261c87cd7b4ad4ca1318c1fe33ee3 22% ⠧ [K[?25h[?2026l[?2026h[?25l[A[1Ggathering model components [K
copying file sha256:53107f530aa52eb00912263ab1ee29bd199261c87cd7b4ad4ca1318c1fe33ee3 22% ⠇ [K[?25h[?2026l[?2026h[?25l[A[1Ggathering model components [K
copying file sha256:53107f530aa52eb00912263ab1ee29bd199261c87cd7b4ad4ca1318c1fe33ee3 23% ⠏ [K[?25h[?2026l[?2026h[?25l[A[1Ggathering model components [K
copying file sha256:53107f530aa52eb00912263ab1ee29bd199261c87cd7b4ad4ca1318c1fe33ee3 24% ⠋ [K[?25h[?2026l[?2026h[?25l[A[1Ggathering model components [K
copying file sha256:53107f530aa52eb00912263ab1ee29bd199261c87cd7b4ad4ca1318c1fe33ee3 25% ⠙ [K[?25h[?2026l[?2026h[?25l[A[1Ggathering model components [K
copying file sha256:53107f530aa52eb00912263ab1ee29bd199261c87cd7b4ad4ca1318c1fe33ee3 26% ⠹ [K[?25h[?2026l[?2026h[?25l[A[1Ggathering model components [K
copying file sha256:53107f530aa52eb00912263ab1ee29bd199261c87cd7b4ad4ca1318c1fe33ee3 27% ⠸ [K[?25h[?2026l[?2026h[?25l[A[1Ggathering model components [K
copying file sha256:53107f530aa52eb00912263ab1ee29bd199261c87cd7b4ad4ca1318c1fe33ee3 27% ⠼ [K[?25h[?2026l[?2026h[?25l[A[1Ggathering model components [K
copying file sha256:53107f530aa52eb00912263ab1ee29bd199261c87cd7b4ad4ca1318c1fe33ee3 28% ⠴ [K[?25h[?2026l[?2026h[?25l[A[1Ggathering model components [K
copying file sha256:53107f530aa52eb00912263ab1ee29bd199261c87cd7b4ad4ca1318c1fe33ee3 29% ⠦ [K[?25h[?2026l[?2026h[?25l[A[1Ggathering model components [K
copying file sha256:53107f530aa52eb00912263ab1ee29bd199261c87cd7b4ad4ca1318c1fe33ee3 29% ⠧ [K[?25h[?2026l[?2026h[?25l[A[1Ggathering model components [K
copying file sha256:53107f530aa52eb00912263ab1ee29bd199261c87cd7b4ad4ca1318c1fe33ee3 30% ⠇ [K[?25h[?2026l[?2026h[?25l[A[1Ggathering model components [K
copying file sha256:53107f530aa52eb00912263ab1ee29bd199261c87cd7b4ad4ca1318c1fe33ee3 31% ⠏ [K[?25h[?2026l[?2026h[?25l[A[1Ggathering model components [K
copying file sha256:53107f530aa52eb00912263ab1ee29bd199261c87cd7b4ad4ca1318c1fe33ee3 32% ⠋ [K[?25h[?2026l[?2026h[?25l[A[1Ggathering model components [K
copying file sha256:53107f530aa52eb00912263ab1ee29bd199261c87cd7b4ad4ca1318c1fe33ee3 33% ⠙ [K[?25h[?2026l[?2026h[?25l[A[1Ggathering model components [K
copying file sha256:53107f530aa52eb00912263ab1ee29bd199261c87cd7b4ad4ca1318c1fe33ee3 34% ⠹ [K[?25h[?2026l[?2026h[?25l[A[1Ggathering model components [K
copying file sha256:53107f530aa52eb00912263ab1ee29bd199261c87cd7b4ad4ca1318c1fe33ee3 34% ⠸ [K[?25h[?2026l[?2026h[?25l[A[1Ggathering model components [K
copying file sha256:53107f530aa52eb00912263ab1ee29bd199261c87cd7b4ad4ca1318c1fe33ee3 35% ⠼ [K[?25h[?2026l[?2026h[?25l[A[1Ggathering model components [K
copying file sha256:53107f530aa52eb00912263ab1ee29bd199261c87cd7b4ad4ca1318c1fe33ee3 36% ⠴ [K[?25h[?2026l[?2026h[?25l[A[1Ggathering model components [K
copying file sha256:53107f530aa52eb00912263ab1ee29bd199261c87cd7b4ad4ca1318c1fe33ee3 36% ⠦ [K[?25h[?2026l[?2026h[?25l[A[1Ggathering model components [K
copying file sha256:53107f530aa52eb00912263ab1ee29bd199261c87cd7b4ad4ca1318c1fe33ee3 37% ⠧ [K[?25h[?2026l[?2026h[?25l[A[1Ggathering model components [K
copying file sha256:53107f530aa52eb00912263ab1ee29bd199261c87cd7b4ad4ca1318c1fe33ee3 38% ⠇ [K[?25h[?2026l[?2026h[?25l[A[1Ggathering model components [K
copying file sha256:53107f530aa52eb00912263ab1ee29bd199261c87cd7b4ad4ca1318c1fe33ee3 39% ⠏ [K[?25h[?2026l[?2026h[?25l[A[1Ggathering model components [K
copying file sha256:53107f530aa52eb00912263ab1ee29bd199261c87cd7b4ad4ca1318c1fe33ee3 40% ⠋ [K[?25h[?2026l[?2026h[?25l[A[1Ggathering model components [K
copying file sha256:53107f530aa52eb00912263ab1ee29bd199261c87cd7b4ad4ca1318c1fe33ee3 41% ⠙ [K[?25h[?2026l[?2026h[?25l[A[1Ggathering model components [K
copying file sha256:53107f530aa52eb00912263ab1ee29bd199261c87cd7b4ad4ca1318c1fe33ee3 41% ⠹ [K[?25h[?2026l[?2026h[?25l[A[1Ggathering model components [K
copying file sha256:53107f530aa52eb00912263ab1ee29bd199261c87cd7b4ad4ca1318c1fe33ee3 42% ⠸ [K[?25h[?2026l[?2026h[?25l[A[1Ggathering model components [K
copying file sha256:53107f530aa52eb00912263ab1ee29bd199261c87cd7b4ad4ca1318c1fe33ee3 43% ⠼ [K[?25h[?2026l[?2026h[?25l[A[1Ggathering model components [K
copying file sha256:53107f530aa52eb00912263ab1ee29bd199261c87cd7b4ad4ca1318c1fe33ee3 43% ⠴ [K[?25h[?2026l[?2026h[?25l[A[1Ggathering model components [K
copying file sha256:53107f530aa52eb00912263ab1ee29bd199261c87cd7b4ad4ca1318c1fe33ee3 44% ⠦ [K[?25h[?2026l[?2026h[?25l[A[1Ggathering model components [K
copying file sha256:53107f530aa52eb00912263ab1ee29bd199261c87cd7b4ad4ca1318c1fe33ee3 45% ⠧ [K[?25h[?2026l[?2026h[?25l[A[1Ggathering model components [K
copying file sha256:53107f530aa52eb00912263ab1ee29bd199261c87cd7b4ad4ca1318c1fe33ee3 46% ⠇ [K[?25h[?2026l[?2026h[?25l[A[1Ggathering model components [K
copying file sha256:53107f530aa52eb00912263ab1ee29bd199261c87cd7b4ad4ca1318c1fe33ee3 47% ⠏ [K[?25h[?2026l[?2026h[?25l[A[1Ggathering model components [K
copying file sha256:53107f530aa52eb00912263ab1ee29bd199261c87cd7b4ad4ca1318c1fe33ee3 48% ⠋ [K[?25h[?2026l[?2026h[?25l[A[1Ggathering model components [K
copying file sha256:53107f530aa52eb00912263ab1ee29bd199261c87cd7b4ad4ca1318c1fe33ee3 48% ⠙ [K[?25h[?2026l[?2026h[?25l[A[1Ggathering model components [K
copying file sha256:53107f530aa52eb00912263ab1ee29bd199261c87cd7b4ad4ca1318c1fe33ee3 49% ⠹ [K[?25h[?2026l[?2026h[?25l[A[1Ggathering model components [K
copying file sha256:53107f530aa52eb00912263ab1ee29bd199261c87cd7b4ad4ca1318c1fe33ee3 50% ⠸ [K[?25h[?2026l[?2026h[?25l[A[1Ggathering model components [K
copying file sha256:53107f530aa52eb00912263ab1ee29bd199261c87cd7b4ad4ca1318c1fe33ee3 50% ⠼ [K[?25h[?2026l[?2026h[?25l[A[1Ggathering model components [K
copying file sha256:53107f530aa52eb00912263ab1ee29bd199261c87cd7b4ad4ca1318c1fe33ee3 51% ⠴ [K[?25h[?2026l[?2026h[?25l[A[1Ggathering model components [K
copying file sha256:53107f530aa52eb00912263ab1ee29bd199261c87cd7b4ad4ca1318c1fe33ee3 52% ⠦ [K[?25h[?2026l[?2026h[?25l[A[1Ggathering model components [K
copying file sha256:53107f530aa52eb00912263ab1ee29bd199261c87cd7b4ad4ca1318c1fe33ee3 53% ⠧ [K[?25h[?2026l[?2026h[?25l[A[1Ggathering model components [K
copying file sha256:53107f530aa52eb00912263ab1ee29bd199261c87cd7b4ad4ca1318c1fe33ee3 53% ⠇ [K[?25h[?2026l[?2026h[?25l[A[1Ggathering model components [K
copying file sha256:53107f530aa52eb00912263ab1ee29bd199261c87cd7b4ad4ca1318c1fe33ee3 54% ⠏ [K[?25h[?2026l[?2026h[?25l[A[1Ggathering model components [K
copying file sha256:53107f530aa52eb00912263ab1ee29bd199261c87cd7b4ad4ca1318c1fe33ee3 55% ⠋ [K[?25h[?2026l[?2026h[?25l[A[1Ggathering model components [K
copying file sha256:53107f530aa52eb00912263ab1ee29bd199261c87cd7b4ad4ca1318c1fe33ee3 56% ⠙ [K[?25h[?2026l[?2026h[?25l[A[1Ggathering model components [K
copying file sha256:53107f530aa52eb00912263ab1ee29bd199261c87cd7b4ad4ca1318c1fe33ee3 57% ⠹ [K[?25h[?2026l[?2026h[?25l[A[1Ggathering model components [K
copying file sha256:53107f530aa52eb00912263ab1ee29bd199261c87cd7b4ad4ca1318c1fe33ee3 57% ⠸ [K[?25h[?2026l[?2026h[?25l[A[1Ggathering model components [K
copying file sha256:53107f530aa52eb00912263ab1ee29bd199261c87cd7b4ad4ca1318c1fe33ee3 58% ⠼ [K[?25h[?2026l[?2026h[?25l[A[1Ggathering model components [K
copying file sha256:53107f530aa52eb00912263ab1ee29bd199261c87cd7b4ad4ca1318c1fe33ee3 59% ⠴ [K[?25h[?2026l[?2026h[?25l[A[1Ggathering model components [K
copying file sha256:53107f530aa52eb00912263ab1ee29bd199261c87cd7b4ad4ca1318c1fe33ee3 60% ⠦ [K[?25h[?2026l[?2026h[?25l[A[1Ggathering model components [K
copying file sha256:53107f530aa52eb00912263ab1ee29bd199261c87cd7b4ad4ca1318c1fe33ee3 61% ⠧ [K[?25h[?2026l[?2026h[?25l[A[1Ggathering model components [K
copying file sha256:53107f530aa52eb00912263ab1ee29bd199261c87cd7b4ad4ca1318c1fe33ee3 62% ⠇ [K[?25h[?2026l[?2026h[?25l[A[1Ggathering model components [K
copying file sha256:53107f530aa52eb00912263ab1ee29bd199261c87cd7b4ad4ca1318c1fe33ee3 62% ⠏ [K[?25h[?2026l[?2026h[?25l[A[1Ggathering model components [K
copying file sha256:53107f530aa52eb00912263ab1ee29bd199261c87cd7b4ad4ca1318c1fe33ee3 63% ⠋ [K[?25h[?2026l[?2026h[?25l[A[1Ggathering model components [K
copying file sha256:53107f530aa52eb00912263ab1ee29bd199261c87cd7b4ad4ca1318c1fe33ee3 64% ⠙ [K[?25h[?2026l[?2026h[?25l[A[1Ggathering model components [K
copying file sha256:53107f530aa52eb00912263ab1ee29bd199261c87cd7b4ad4ca1318c1fe33ee3 64% ⠹ [K[?25h[?2026l[?2026h[?25l[A[1Ggathering model components [K
copying file sha256:53107f530aa52eb00912263ab1ee29bd199261c87cd7b4ad4ca1318c1fe33ee3 65% ⠸ [K[?25h[?2026l[?2026h[?25l[A[1Ggathering model components [K
copying file sha256:53107f530aa52eb00912263ab1ee29bd199261c87cd7b4ad4ca1318c1fe33ee3 66% ⠼ [K[?25h[?2026l[?2026h[?25l[A[1Ggathering model components [K
copying file sha256:53107f530aa52eb00912263ab1ee29bd199261c87cd7b4ad4ca1318c1fe33ee3 67% ⠴ [K[?25h[?2026l[?2026h[?25l[A[1Ggathering model components [K
copying file sha256:53107f530aa52eb00912263ab1ee29bd199261c87cd7b4ad4ca1318c1fe33ee3 68% ⠦ [K[?25h[?2026l[?2026h[?25l[A[1Ggathering model components [K
copying file sha256:53107f530aa52eb00912263ab1ee29bd199261c87cd7b4ad4ca1318c1fe33ee3 69% ⠧ [K[?25h[?2026l[?2026h[?25l[A[1Ggathering model components [K
copying file sha256:53107f530aa52eb00912263ab1ee29bd199261c87cd7b4ad4ca1318c1fe33ee3 69% ⠇ [K[?25h[?2026l[?2026h[?25l[A[1Ggathering model components [K
copying file sha256:53107f530aa52eb00912263ab1ee29bd199261c87cd7b4ad4ca1318c1fe33ee3 70% ⠏ [K[?25h[?2026l[?2026h[?25l[A[1Ggathering model components [K
copying file sha256:53107f530aa52eb00912263ab1ee29bd199261c87cd7b4ad4ca1318c1fe33ee3 71% ⠋ [K[?25h[?2026l[?2026h[?25l[A[1Ggathering model components [K
copying file sha256:53107f530aa52eb00912263ab1ee29bd199261c87cd7b4ad4ca1318c1fe33ee3 71% ⠙ [K[?25h[?2026l[?2026h[?25l[A[1Ggathering model components [K
copying file sha256:53107f530aa52eb00912263ab1ee29bd199261c87cd7b4ad4ca1318c1fe33ee3 73% ⠹ [K[?25h[?2026l[?2026h[?25l[A[1Ggathering model components [K
copying file sha256:53107f530aa52eb00912263ab1ee29bd199261c87cd7b4ad4ca1318c1fe33ee3 73% ⠸ [K[?25h[?2026l[?2026h[?25l[A[1Ggathering model components [K
copying file sha256:53107f530aa52eb00912263ab1ee29bd199261c87cd7b4ad4ca1318c1fe33ee3 74% ⠼ [K[?25h[?2026l[?2026h[?25l[A[1Ggathering model components [K
copying file sha256:53107f530aa52eb00912263ab1ee29bd199261c87cd7b4ad4ca1318c1fe33ee3 75% ⠴ [K[?25h[?2026l[?2026h[?25l[A[1Ggathering model components [K
copying file sha256:53107f530aa52eb00912263ab1ee29bd199261c87cd7b4ad4ca1318c1fe33ee3 76% ⠦ [K[?25h[?2026l[?2026h[?25l[A[1Ggathering model components [K
copying file sha256:53107f530aa52eb00912263ab1ee29bd199261c87cd7b4ad4ca1318c1fe33ee3 76% ⠧ [K[?25h[?2026l[?2026h[?25l[A[1Ggathering model components [K
copying file sha256:53107f530aa52eb00912263ab1ee29bd199261c87cd7b4ad4ca1318c1fe33ee3 77% ⠇ [K[?25h[?2026l[?2026h[?25l[A[1Ggathering model components [K
copying file sha256:53107f530aa52eb00912263ab1ee29bd199261c87cd7b4ad4ca1318c1fe33ee3 78% ⠏ [K[?25h[?2026l[?2026h[?25l[A[1Ggathering model components [K
copying file sha256:53107f530aa52eb00912263ab1ee29bd199261c87cd7b4ad4ca1318c1fe33ee3 79% ⠋ [K[?25h[?2026l[?2026h[?25l[A[1Ggathering model components [K
copying file sha256:53107f530aa52eb00912263ab1ee29bd199261c87cd7b4ad4ca1318c1fe33ee3 80% ⠙ [K[?25h[?2026l[?2026h[?25l[A[1Ggathering model components [K
copying file sha256:53107f530aa52eb00912263ab1ee29bd199261c87cd7b4ad4ca1318c1fe33ee3 81% ⠹ [K[?25h[?2026l[?2026h[?25l[A[1Ggathering model components [K
copying file sha256:53107f530aa52eb00912263ab1ee29bd199261c87cd7b4ad4ca1318c1fe33ee3 81% ⠸ [K[?25h[?2026l[?2026h[?25l[A[1Ggathering model components [K
copying file sha256:53107f530aa52eb00912263ab1ee29bd199261c87cd7b4ad4ca1318c1fe33ee3 82% ⠼ [K[?25h[?2026l[?2026h[?25l[A[1Ggathering model components [K
copying file sha256:53107f530aa52eb00912263ab1ee29bd199261c87cd7b4ad4ca1318c1fe33ee3 83% ⠴ [K[?25h[?2026l[?2026h[?25l[A[1Ggathering model components [K
copying file sha256:53107f530aa52eb00912263ab1ee29bd199261c87cd7b4ad4ca1318c1fe33ee3 84% ⠦ [K[?25h[?2026l[?2026h[?25l[A[1Ggathering model components [K
copying file sha256:53107f530aa52eb00912263ab1ee29bd199261c87cd7b4ad4ca1318c1fe33ee3 85% ⠧ [K[?25h[?2026l[?2026h[?25l[A[1Ggathering model components [K
copying file sha256:53107f530aa52eb00912263ab1ee29bd199261c87cd7b4ad4ca1318c1fe33ee3 86% ⠇ [K[?25h[?2026l[?2026h[?25l[A[1Ggathering model components [K
copying file sha256:53107f530aa52eb00912263ab1ee29bd199261c87cd7b4ad4ca1318c1fe33ee3 86% ⠏ [K[?25h[?2026l[?2026h[?25l[A[1Ggathering model components [K
copying file sha256:53107f530aa52eb00912263ab1ee29bd199261c87cd7b4ad4ca1318c1fe33ee3 87% ⠋ [K[?25h[?2026l[?2026h[?25l[A[1Ggathering model components [K
copying file sha256:53107f530aa52eb00912263ab1ee29bd199261c87cd7b4ad4ca1318c1fe33ee3 88% ⠙ [K[?25h[?2026l[?2026h[?25l[A[1Ggathering model components [K
copying file sha256:53107f530aa52eb00912263ab1ee29bd199261c87cd7b4ad4ca1318c1fe33ee3 88% ⠹ [K[?25h[?2026l[?2026h[?25l[A[1Ggathering model components [K
copying file sha256:53107f530aa52eb00912263ab1ee29bd199261c87cd7b4ad4ca1318c1fe33ee3 89% ⠸ [K[?25h[?2026l[?2026h[?25l[A[1Ggathering model components [K
copying file sha256:53107f530aa52eb00912263ab1ee29bd199261c87cd7b4ad4ca1318c1fe33ee3 90% ⠼ [K[?25h[?2026l[?2026h[?25l[A[1Ggathering model components [K
copying file sha256:53107f530aa52eb00912263ab1ee29bd199261c87cd7b4ad4ca1318c1fe33ee3 91% ⠴ [K[?25h[?2026l[?2026h[?25l[A[1Ggathering model components [K
copying file sha256:53107f530aa52eb00912263ab1ee29bd199261c87cd7b4ad4ca1318c1fe33ee3 92% ⠦ [K[?25h[?2026l[?2026h[?25l[A[1Ggathering model components [K
copying file sha256:53107f530aa52eb00912263ab1ee29bd199261c87cd7b4ad4ca1318c1fe33ee3 93% ⠧ [K[?25h[?2026l[?2026h[?25l[A[1Ggathering model components [K
copying file sha256:53107f530aa52eb00912263ab1ee29bd199261c87cd7b4ad4ca1318c1fe33ee3 93% ⠇ [K[?25h[?2026l[?2026h[?25l[A[1Ggathering model components [K
copying file sha256:53107f530aa52eb00912263ab1ee29bd199261c87cd7b4ad4ca1318c1fe33ee3 94% ⠏ [K[?25h[?2026l[?2026h[?25l[A[1Ggathering model components [K
copying file sha256:53107f530aa52eb00912263ab1ee29bd199261c87cd7b4ad4ca1318c1fe33ee3 95% ⠋ [K[?25h[?2026l[?2026h[?25l[A[1Ggathering model components [K
copying file sha256:53107f530aa52eb00912263ab1ee29bd199261c87cd7b4ad4ca1318c1fe33ee3 96% ⠙ [K[?25h[?2026l[?2026h[?25l[A[1Ggathering model components [K
copying file sha256:53107f530aa52eb00912263ab1ee29bd199261c87cd7b4ad4ca1318c1fe33ee3 97% ⠹ [K[?25h[?2026l[?2026h[?25l[A[1Ggathering model components [K
copying file sha256:53107f530aa52eb00912263ab1ee29bd199261c87cd7b4ad4ca1318c1fe33ee3 98% ⠸ [K[?25h[?2026l[?2026h[?25l[A[1Ggathering model components [K
copying file sha256:53107f530aa52eb00912263ab1ee29bd199261c87cd7b4ad4ca1318c1fe33ee3 98% ⠼ [K[?25h[?2026l[?2026h[?25l[A[1Ggathering model components [K
copying file sha256:53107f530aa52eb00912263ab1ee29bd199261c87cd7b4ad4ca1318c1fe33ee3 99% ⠴ [K[?25h[?2026l[?2026h[?25l[A[1Ggathering model components [K
copying file sha256:53107f530aa52eb00912263ab1ee29bd199261c87cd7b4ad4ca1318c1fe33ee3 100% [K
parsing GGUF ⠋ [K[?25h[?2026l[?2026h[?25l[A[A[1Ggathering model components [K
copying file sha256:53107f530aa52eb00912263ab1ee29bd199261c87cd7b4ad4ca1318c1fe33ee3 100% [K
parsing GGUF ⠙ [K[?25h[?2026l[?2026h[?25l[A[A[1Ggathering model components [K
copying file sha256:53107f530aa52eb00912263ab1ee29bd199261c87cd7b4ad4ca1318c1fe33ee3 100% [K
parsing GGUF [K
using existing layer sha256:53107f530aa52eb00912263ab1ee29bd199261c87cd7b4ad4ca1318c1fe33ee3 [K
creating new layer sha256:684b31d25508cddfa86e2c7c2033c9c2aedf60191ae6963daffeb26b14130249 [K
writing manifest ⠋ [K[?25h[?2026l[?2026h[?25l[A[A[A[A[A[1Ggathering model components [K
copying file sha256:53107f530aa52eb00912263ab1ee29bd199261c87cd7b4ad4ca1318c1fe33ee3 100% [K
parsing GGUF [K
using existing layer sha256:53107f530aa52eb00912263ab1ee29bd199261c87cd7b4ad4ca1318c1fe33ee3 [K
creating new layer sha256:684b31d25508cddfa86e2c7c2033c9c2aedf60191ae6963daffeb26b14130249 [K
writing manifest [K
success [K[?25h[?2026l
